# Pinned emittiv/gtm commit whose fp-template/ directory is vendored into the
# e-fees-api image by scripts/vendor-fp-template.sh.
#
# 24b7845 = "fix(fp-template): bundle Montserrat Regular/Bold, bundled fonts
# authoritative (#6)" - the first commit whose template.css carries @font-face
# rules for Montserrat, so a render on a host without that font installed no
# longer silently reflows every text frame.
24b784592d692c2eb87d4218647404faff4fbc33
